// Vitest Snapshot v1, https://vitest.dev/guide/snapshot.html

exports[`MaterializeGenerateButton > should render 1`] = `
<body>
  <div>
    <div
      class="MuiPaper-root MuiPaper-elevation MuiPaper-rounded MuiPaper-elevation0 MuiAlert-root MuiAlert-outlinedError MuiAlert-outlined css-11js1a5-MuiPaper-root-MuiAlert-root"
      role="alert"
    >
      <div
        class="MuiAlert-icon css-1ytlwq5-MuiAlert-icon"
      >
        <svg
          color="currentColor"
          fill="none"
          font-size="14px"
          height="1.5em"
          stroke-width="1.5"
          viewBox="0 0 24 24"
          width="1.5em"
          xmlns="http://www.w3.org/2000/svg"
        >
          <path
            d="M9.172 14.828L12.001 12m2.828-2.828L12.001 12m0 0L9.172 9.172M12.001 12l2.828 2.828M12 22c5.523 0 10-4.477 10-10S17.523 2 12 2 2 6.477 2 12s4.477 10 10 10z"
            stroke="currentColor"
            stroke-linecap="round"
            stroke-linejoin="round"
          />
        </svg>
      </div>
      <div
        class="MuiAlert-message css-1pxa9xg-MuiAlert-message"
      >
        <div
          class="MuiTypography-root MuiTypography-body1 MuiTypography-gutterBottom MuiAlertTitle-root css-o8x25m-MuiTypography-root-MuiAlertTitle-root"
        >
          Error
        </div>
        There was an unexpected application error. 
        Expand to see details.
        <hr
          class="MuiDivider-root MuiDivider-fullWidth css-9mgopn-MuiDivider-root"
        />
        <button
          aria-expanded="false"
          aria-label="show more"
          class="MuiButtonBase-root MuiIconButton-root MuiIconButton-sizeMedium css-1r502bh-MuiButtonBase-root-MuiIconButton-root"
          tabindex="0"
          type="button"
        >
          <svg
            color="currentColor"
            fill="none"
            font-size="14px"
            height="1.5em"
            stroke-width="1.5"
            style="font-size: 14px; color: rgb(11, 19, 30);"
            viewBox="0 0 24 24"
            width="1.5em"
            xmlns="http://www.w3.org/2000/svg"
          >
            <path
              d="M6 9l6 6 6-6"
              stroke="currentColor"
              stroke-linecap="round"
              stroke-linejoin="round"
            />
          </svg>
        </button>
        <hr
          class="MuiDivider-root MuiDivider-fullWidth css-9mgopn-MuiDivider-root"
        />
      </div>
    </div>
  </div>
</body>
`;
