// Vitest Snapshot v1, https://vitest.dev/guide/snapshot.html

exports[`Connector Tiles > should display the connector details 1`] = `
<body>
  <div>
    <div
      class="MuiGrid-root MuiGrid-container MuiGrid-spacing-xs-2 MuiGrid-spacing-md-3 css-1vdl6dg-MuiGrid-root"
    >
      <div
        class="MuiGrid-root MuiGrid-item MuiGrid-grid-xs-12 css-p51zqw-MuiGrid-root"
      >
        <div
          class="MuiToolbar-root MuiToolbar-regular css-sliv39-MuiToolbar-root"
          data-public="true"
        >
          <div
            class="MuiGrid-root MuiGrid-container MuiGrid-spacing-xs-2 css-1n5bjej-MuiGrid-root"
          >
            <div
              class="MuiGrid-root MuiGrid-item MuiGrid-grid-xs-12 MuiGrid-grid-md-4 css-cvtzlr-MuiGrid-root"
            >
              <div
                class="MuiFormControl-root MuiTextField-root css-1juxxoa-MuiFormControl-root-MuiTextField-root"
              >
                <label
                  class="MuiFormLabel-root MuiInputLabel-root MuiInputLabel-formControl MuiInputLabel-animated MuiInputLabel-shrink MuiInputLabel-sizeSmall MuiInputLabel-outlined MuiFormLabel-colorPrimary Mui-focused MuiInputLabel-root MuiInputLabel-formControl MuiInputLabel-animated MuiInputLabel-shrink MuiInputLabel-sizeSmall MuiInputLabel-outlined css-il7x2h-MuiFormLabel-root-MuiInputLabel-root"
                  data-shrink="true"
                  for="mui-1"
                  id="mui-1-label"
                >
                  Search connectors
                </label>
                <div
                  class="MuiInputBase-root MuiOutlinedInput-root MuiInputBase-colorPrimary Mui-focused MuiInputBase-formControl MuiInputBase-sizeSmall css-1gcqmk3-MuiInputBase-root-MuiOutlinedInput-root"
                >
                  <input
                    aria-invalid="false"
                    class="MuiInputBase-input MuiOutlinedInput-input MuiInputBase-inputSizeSmall css-1n4twyu-MuiInputBase-input-MuiOutlinedInput-input"
                    id="mui-1"
                    type="text"
                    value=""
                  />
                  <fieldset
                    aria-hidden="true"
                    class="MuiOutlinedInput-notchedOutline css-1d3z3hw-MuiOutlinedInput-notchedOutline"
                  >
                    <legend
                      class="css-14lo706"
                    >
                      <span>
                        Search connectors
                      </span>
                    </legend>
                  </fieldset>
                </div>
              </div>
            </div>
            <div
              class="MuiGrid-root MuiGrid-item MuiGrid-grid-xs-4 MuiGrid-grid-md-2 css-rvd90y-MuiGrid-root"
            >
              <div
                class="MuiAutocomplete-root MuiAutocomplete-hasPopupIcon css-1qqsdnr-MuiAutocomplete-root"
              >
                <div
                  class="MuiFormControl-root MuiFormControl-fullWidth MuiTextField-root css-wb57ya-MuiFormControl-root-MuiTextField-root"
                >
                  <label
                    class="MuiFormLabel-root MuiInputLabel-root MuiInputLabel-formControl MuiInputLabel-animated MuiInputLabel-shrink MuiInputLabel-sizeSmall MuiInputLabel-outlined MuiFormLabel-colorPrimary MuiFormLabel-filled MuiInputLabel-root MuiInputLabel-formControl MuiInputLabel-animated MuiInputLabel-shrink MuiInputLabel-sizeSmall MuiInputLabel-outlined css-il7x2h-MuiFormLabel-root-MuiInputLabel-root"
                    data-shrink="true"
                    for="mui-3"
                    id="mui-3-label"
                  >
                    Sort Name
                  </label>
                  <div
                    class="MuiInputBase-root MuiOutlinedInput-root MuiInputBase-colorPrimary MuiInputBase-fullWidth MuiInputBase-formControl MuiInputBase-sizeSmall MuiInputBase-adornedEnd MuiAutocomplete-inputRoot css-1iez38t-MuiInputBase-root-MuiOutlinedInput-root"
                  >
                    <input
                      aria-autocomplete="list"
                      aria-expanded="false"
                      aria-invalid="false"
                      autocapitalize="none"
                      autocomplete="off"
                      class="MuiInputBase-input MuiOutlinedInput-input MuiInputBase-inputSizeSmall MuiInputBase-inputAdornedEnd MuiAutocomplete-input MuiAutocomplete-inputFocused css-19qh8xo-MuiInputBase-input-MuiOutlinedInput-input"
                      id="mui-3"
                      role="combobox"
                      spellcheck="false"
                      type="text"
                      value="A to Z"
                    />
                    <div
                      class="MuiAutocomplete-endAdornment css-1q60rmi-MuiAutocomplete-endAdornment"
                    >
                      <button
                        aria-label="Open"
                        class="MuiButtonBase-root MuiIconButton-root MuiIconButton-sizeMedium MuiAutocomplete-popupIndicator css-ytquw7-MuiButtonBase-root-MuiIconButton-root-MuiAutocomplete-popupIndicator"
                        tabindex="-1"
                        title="Open"
                        type="button"
                      >
                        <svg
                          aria-hidden="true"
                          class="MuiSvgIcon-root MuiSvgIcon-fontSizeMedium css-i4bv87-MuiSvgIcon-root"
                          data-testid="ArrowDropDownIcon"
                          focusable="false"
                          viewBox="0 0 24 24"
                        >
                          <path
                            d="M7 10l5 5 5-5z"
                          />
                        </svg>
                      </button>
                    </div>
                    <fieldset
                      aria-hidden="true"
                      class="MuiOutlinedInput-notchedOutline css-1d3z3hw-MuiOutlinedInput-notchedOutline"
                    >
                      <legend
                        class="css-14lo706"
                      >
                        <span>
                          Sort Name
                        </span>
                      </legend>
                    </fieldset>
                  </div>
                </div>
              </div>
            </div>
            <div
              class="MuiGrid-root MuiGrid-item MuiGrid-grid-xs-4 MuiGrid-grid-md-2 css-rvd90y-MuiGrid-root"
            >
              <div
                class="MuiAutocomplete-root MuiAutocomplete-hasPopupIcon css-1qqsdnr-MuiAutocomplete-root"
              >
                <div
                  class="MuiFormControl-root MuiFormControl-fullWidth MuiTextField-root css-wb57ya-MuiFormControl-root-MuiTextField-root"
                >
                  <label
                    class="MuiFormLabel-root MuiInputLabel-root MuiInputLabel-formControl MuiInputLabel-animated MuiInputLabel-shrink MuiInputLabel-sizeSmall MuiInputLabel-outlined MuiFormLabel-colorPrimary MuiFormLabel-filled MuiInputLabel-root MuiInputLabel-formControl MuiInputLabel-animated MuiInputLabel-shrink MuiInputLabel-sizeSmall MuiInputLabel-outlined css-il7x2h-MuiFormLabel-root-MuiInputLabel-root"
                    data-shrink="true"
                    for="mui-5"
                    id="mui-5-label"
                  >
                    Protocol
                  </label>
                  <div
                    class="MuiInputBase-root MuiOutlinedInput-root MuiInputBase-colorPrimary MuiInputBase-fullWidth MuiInputBase-formControl MuiInputBase-sizeSmall MuiInputBase-adornedEnd MuiAutocomplete-inputRoot css-1iez38t-MuiInputBase-root-MuiOutlinedInput-root"
                  >
                    <input
                      aria-autocomplete="list"
                      aria-expanded="false"
                      aria-invalid="false"
                      autocapitalize="none"
                      autocomplete="off"
                      class="MuiInputBase-input MuiOutlinedInput-input MuiInputBase-inputSizeSmall MuiInputBase-inputAdornedEnd MuiAutocomplete-input MuiAutocomplete-inputFocused css-19qh8xo-MuiInputBase-input-MuiOutlinedInput-input"
                      id="mui-5"
                      role="combobox"
                      spellcheck="false"
                      type="text"
                      value="All"
                    />
                    <div
                      class="MuiAutocomplete-endAdornment css-1q60rmi-MuiAutocomplete-endAdornment"
                    >
                      <button
                        aria-label="Open"
                        class="MuiButtonBase-root MuiIconButton-root MuiIconButton-sizeMedium MuiAutocomplete-popupIndicator css-ytquw7-MuiButtonBase-root-MuiIconButton-root-MuiAutocomplete-popupIndicator"
                        tabindex="-1"
                        title="Open"
                        type="button"
                      >
                        <svg
                          aria-hidden="true"
                          class="MuiSvgIcon-root MuiSvgIcon-fontSizeMedium css-i4bv87-MuiSvgIcon-root"
                          data-testid="ArrowDropDownIcon"
                          focusable="false"
                          viewBox="0 0 24 24"
                        >
                          <path
                            d="M7 10l5 5 5-5z"
                          />
                        </svg>
                      </button>
                    </div>
                    <fieldset
                      aria-hidden="true"
                      class="MuiOutlinedInput-notchedOutline css-1d3z3hw-MuiOutlinedInput-notchedOutline"
                    >
                      <legend
                        class="css-14lo706"
                      >
                        <span>
                          Protocol
                        </span>
                      </legend>
                    </fieldset>
                  </div>
                </div>
              </div>
            </div>
          </div>
        </div>
      </div>
      <div
        class="MuiGrid-root MuiGrid-item MuiGrid-grid-xs-2 MuiGrid-grid-md-4 MuiGrid-grid-lg-2 MuiGrid-grid-xl-2 css-1n6eflt-MuiGrid-root"
      >
        <div
          class="MuiPaper-root MuiPaper-elevation MuiPaper-rounded MuiPaper-elevation0 css-113vizs-MuiPaper-root"
        >
          <div
            class="css-nen11g-MuiStack-root"
            style="height: 100%; justify-content: space-between;"
          >
            <div
              class="MuiBox-root css-0"
            >
              <span
                class="MuiSkeleton-root MuiSkeleton-rectangular MuiSkeleton-pulse css-e5s2mh-MuiSkeleton-root"
                style="height: 125px;"
              />
              <span
                class="MuiSkeleton-root MuiSkeleton-text MuiSkeleton-pulse css-1v30ypl-MuiSkeleton-root"
              />
              <span
                class="MuiSkeleton-root MuiSkeleton-text MuiSkeleton-pulse css-1v30ypl-MuiSkeleton-root"
              />
              <span
                class="MuiSkeleton-root MuiSkeleton-text MuiSkeleton-pulse css-1dtiui6-MuiSkeleton-root"
              />
            </div>
          </div>
        </div>
      </div>
      <div
        class="MuiGrid-root MuiGrid-item MuiGrid-grid-xs-2 MuiGrid-grid-md-4 MuiGrid-grid-lg-2 MuiGrid-grid-xl-2 css-1n6eflt-MuiGrid-root"
      >
        <div
          class="MuiPaper-root MuiPaper-elevation MuiPaper-rounded MuiPaper-elevation0 css-113vizs-MuiPaper-root"
        >
          <div
            class="css-nen11g-MuiStack-root"
            style="height: 100%; justify-content: space-between;"
          >
            <div
              class="MuiBox-root css-0"
            >
              <span
                class="MuiSkeleton-root MuiSkeleton-rectangular MuiSkeleton-pulse css-e5s2mh-MuiSkeleton-root"
                style="height: 125px;"
              />
              <span
                class="MuiSkeleton-root MuiSkeleton-text MuiSkeleton-pulse css-1v30ypl-MuiSkeleton-root"
              />
              <span
                class="MuiSkeleton-root MuiSkeleton-text MuiSkeleton-pulse css-1v30ypl-MuiSkeleton-root"
              />
              <span
                class="MuiSkeleton-root MuiSkeleton-text MuiSkeleton-pulse css-1dtiui6-MuiSkeleton-root"
              />
            </div>
          </div>
        </div>
      </div>
      <div
        class="MuiGrid-root MuiGrid-item MuiGrid-grid-xs-2 MuiGrid-grid-md-4 MuiGrid-grid-lg-2 MuiGrid-grid-xl-2 css-1n6eflt-MuiGrid-root"
      >
        <div
          class="MuiPaper-root MuiPaper-elevation MuiPaper-rounded MuiPaper-elevation0 css-113vizs-MuiPaper-root"
        >
          <div
            class="css-nen11g-MuiStack-root"
            style="height: 100%; justify-content: space-between;"
          >
            <div
              class="MuiBox-root css-0"
            >
              <span
                class="MuiSkeleton-root MuiSkeleton-rectangular MuiSkeleton-pulse css-e5s2mh-MuiSkeleton-root"
                style="height: 125px;"
              />
              <span
                class="MuiSkeleton-root MuiSkeleton-text MuiSkeleton-pulse css-1v30ypl-MuiSkeleton-root"
              />
              <span
                class="MuiSkeleton-root MuiSkeleton-text MuiSkeleton-pulse css-1v30ypl-MuiSkeleton-root"
              />
              <span
                class="MuiSkeleton-root MuiSkeleton-text MuiSkeleton-pulse css-1dtiui6-MuiSkeleton-root"
              />
            </div>
          </div>
        </div>
      </div>
      <div
        class="MuiGrid-root MuiGrid-item MuiGrid-grid-xs-2 MuiGrid-grid-md-4 MuiGrid-grid-lg-2 MuiGrid-grid-xl-2 css-1n6eflt-MuiGrid-root"
      >
        <div
          class="MuiPaper-root MuiPaper-elevation MuiPaper-rounded MuiPaper-elevation0 css-113vizs-MuiPaper-root"
        >
          <div
            class="css-nen11g-MuiStack-root"
            style="height: 100%; justify-content: space-between;"
          >
            <div
              class="MuiBox-root css-0"
            >
              <span
                class="MuiSkeleton-root MuiSkeleton-rectangular MuiSkeleton-pulse css-e5s2mh-MuiSkeleton-root"
                style="height: 125px;"
              />
              <span
                class="MuiSkeleton-root MuiSkeleton-text MuiSkeleton-pulse css-1v30ypl-MuiSkeleton-root"
              />
              <span
                class="MuiSkeleton-root MuiSkeleton-text MuiSkeleton-pulse css-1v30ypl-MuiSkeleton-root"
              />
              <span
                class="MuiSkeleton-root MuiSkeleton-text MuiSkeleton-pulse css-1dtiui6-MuiSkeleton-root"
              />
            </div>
          </div>
        </div>
      </div>
      <div
        class="MuiGrid-root MuiGrid-item MuiGrid-grid-xs-2 MuiGrid-grid-md-4 MuiGrid-grid-lg-2 MuiGrid-grid-xl-2 css-1n6eflt-MuiGrid-root"
      >
        <div
          class="MuiPaper-root MuiPaper-elevation MuiPaper-rounded MuiPaper-elevation0 css-113vizs-MuiPaper-root"
        >
          <div
            class="css-nen11g-MuiStack-root"
            style="height: 100%; justify-content: space-between;"
          >
            <div
              class="MuiBox-root css-0"
            >
              <span
                class="MuiSkeleton-root MuiSkeleton-rectangular MuiSkeleton-pulse css-e5s2mh-MuiSkeleton-root"
                style="height: 125px;"
              />
              <span
                class="MuiSkeleton-root MuiSkeleton-text MuiSkeleton-pulse css-1v30ypl-MuiSkeleton-root"
              />
              <span
                class="MuiSkeleton-root MuiSkeleton-text MuiSkeleton-pulse css-1v30ypl-MuiSkeleton-root"
              />
              <span
                class="MuiSkeleton-root MuiSkeleton-text MuiSkeleton-pulse css-1dtiui6-MuiSkeleton-root"
              />
            </div>
          </div>
        </div>
      </div>
      <div
        class="MuiGrid-root MuiGrid-item MuiGrid-grid-xs-2 MuiGrid-grid-md-4 MuiGrid-grid-lg-2 MuiGrid-grid-xl-2 css-1n6eflt-MuiGrid-root"
      >
        <div
          class="MuiPaper-root MuiPaper-elevation MuiPaper-rounded MuiPaper-elevation0 css-113vizs-MuiPaper-root"
        >
          <div
            class="css-nen11g-MuiStack-root"
            style="height: 100%; justify-content: space-between;"
          >
            <div
              class="MuiBox-root css-0"
            >
              <span
                class="MuiSkeleton-root MuiSkeleton-rectangular MuiSkeleton-pulse css-e5s2mh-MuiSkeleton-root"
                style="height: 125px;"
              />
              <span
                class="MuiSkeleton-root MuiSkeleton-text MuiSkeleton-pulse css-1v30ypl-MuiSkeleton-root"
              />
              <span
                class="MuiSkeleton-root MuiSkeleton-text MuiSkeleton-pulse css-1v30ypl-MuiSkeleton-root"
              />
              <span
                class="MuiSkeleton-root MuiSkeleton-text MuiSkeleton-pulse css-1dtiui6-MuiSkeleton-root"
              />
            </div>
          </div>
        </div>
      </div>
    </div>
  </div>
</body>
`;
