// Vitest Snapshot v1, https://vitest.dev/guide/snapshot.html

exports[`generateTaskSpec > when existing data and new data > duplicates in existing bindings > will update all copies in the bindings 1`] = `
[
  {
    "resource": {
      "bar": "updated",
    },
    "target": "mock/binding/one",
  },
  {
    "backfill": 2,
    "resource": {
      "fiz": "resource",
    },
    "target": "mock/binding/two",
  },
  {
    "resource": {
      "bar": "updated",
    },
    "target": "mock/binding/one",
  },
  {
    "resource": {
      "bar": "updated",
    },
    "target": "mock/binding/one",
  },
]
`;
