// Vitest Snapshot v1, https://vitest.dev/guide/snapshot.html

exports[`useBindingsEditorStore > store need includes array with one element 1`] = `
{
  "applyInferredSchema": [Function],
  "collectionData": null,
  "collectionInitializationAlert": null,
  "documentsRead": null,
  "editModeEnabled": false,
  "fullSourceConfigs": {},
  "fullSourceErrorsExist": false,
  "hasIncompatibleCollections": false,
  "incompatibleCollections": [],
  "inferSchemaResponse": null,
  "inferSchemaResponseDoneProcessing": false,
  "inferSchemaResponseEmpty": false,
  "inferSchemaResponseError": null,
  "inferSchemaResponse_Keys": [],
  "inferredSchemaApplicationErrored": false,
  "inferredSpec": null,
  "initializeSelections": [Function],
  "loadingInferredSchema": false,
  "populateInferSchemaResponse": [Function],
  "prefillFullSourceConfigs": [Function],
  "recommendFields": true,
  "removeFullSourceConfig": [Function],
  "resetState": [Function],
  "schemaInferenceDisabled": false,
  "schemaUpdateErrored": false,
  "schemaUpdated": true,
  "selectionSaving": false,
  "selections": {},
  "setCollectionData": [Function],
  "setCollectionInitializationAlert": [Function],
  "setDocumentsRead": [Function],
  "setEditModeEnabled": [Function],
  "setIncompatibleCollections": [Function],
  "setInferredSchemaApplicationErrored": [Function],
  "setInferredSpec": [Function],
  "setLoadingInferredSchema": [Function],
  "setRecommendFields": [Function],
  "setSchemaInferenceDisabled": [Function],
  "setSchemaUpdateErrored": [Function],
  "setSchemaUpdated": [Function],
  "setSelectionSaving": [Function],
  "setSingleSelection": [Function],
  "updateFullSourceConfig": [Function],
  "updateSchema": [Function],
}
`;
