// Vitest Snapshot v1, https://vitest.dev/guide/snapshot.html

exports[`Connector Card > should display the connector details 1`] = `
<body>
  <div>
    <div
      class="MuiGrid-root MuiGrid-item MuiGrid-grid-xs-2 MuiGrid-grid-md-4 MuiGrid-grid-lg-2 MuiGrid-grid-xl-2 css-13i4rnv-MuiGrid-root"
    >
      <button
        class="MuiButtonBase-root css-1un3d5i-MuiButtonBase-root"
        href=""
        tabindex="0"
        type="button"
      >
        <div
          class="MuiStack-root css-f03u9l-MuiStack-root"
        >
          <div
            class="MuiBox-root css-0"
          >
            <div
              class="MuiStack-root css-12atq1h-MuiStack-root"
            >
              <div
                class="MuiBox-root css-6ml8rd"
              >
                <div
                  class="MuiStack-root css-w004l2-MuiStack-root"
                >
                  <div
                    class="MuiBox-root css-0"
                  >
                    example.com/fake/logo.png
                  </div>
                </div>
              </div>
            </div>
            FakeDB
            this is a fake connector
          </div>
        </div>
      </button>
    </div>
  </div>
</body>
`;
