// Jest Snapshot v1, https://goo.gl/fbAQLP

exports[`Unauthenticated app renders correctly 1`] = `
<div>
  Your user name is 
   and 
  <div
    class="MuiGrid-root MuiGrid-container MuiGrid-direction-xs-column css-zyhqkc-MuiGrid-root"
  >
    <header
      class="MuiPaper-root MuiPaper-elevation MuiPaper-elevation4 MuiAppBar-root MuiAppBar-colorPrimary MuiAppBar-positionFixed mui-fixed css-1mifq5q-MuiPaper-root-MuiAppBar-root"
    >
      <div
        class="MuiToolbar-root MuiToolbar-gutters MuiToolbar-regular css-dv03od-MuiToolbar-root"
      >
        <div
          class="MuiBox-root css-zdpt2t"
        >
          <div
            class="MuiBox-root css-ji4awn"
          >
            <img
              alt="Estuary"
              src="logo-estuary.png"
              width="120"
            />
          </div>
        </div>
        <div
          class="css-1f39f1a-MuiStack-root"
        >
          <div
            class="MuiBox-root css-0"
          >
            <button
              class="MuiButtonBase-root MuiIconButton-root MuiIconButton-colorInherit MuiIconButton-sizeMedium css-mifm1k-MuiButtonBase-root-MuiIconButton-root"
              tabindex="0"
              type="button"
            >
              <svg
                aria-hidden="true"
                class="MuiSvgIcon-root MuiSvgIcon-fontSizeMedium css-i4bv87-MuiSvgIcon-root"
                data-testid="WbSunnyIcon"
                focusable="false"
                viewBox="0 0 24 24"
              >
                <path
                  d="m6.76 4.84-1.8-1.79-1.41 1.41 1.79 1.79 1.42-1.41zM4 10.5H1v2h3v-2zm9-9.95h-2V3.5h2V.55zm7.45 3.91-1.41-1.41-1.79 1.79 1.41 1.41 1.79-1.79zm-3.21 13.7 1.79 1.8 1.41-1.41-1.8-1.79-1.4 1.4zM20 10.5v2h3v-2h-3zm-8-5c-3.31 0-6 2.69-6 6s2.69 6 6 6 6-2.69 6-6-2.69-6-6-6zm-1 16.95h2V19.5h-2v2.95zm-7.45-3.91 1.41 1.41 1.79-1.8-1.41-1.41-1.79 1.8z"
                />
              </svg>
            </button>
          </div>
          <button
            aria-controls="help-menu-menu"
            aria-haspopup="true"
            aria-label="Open help"
            class="MuiButtonBase-root MuiIconButton-root MuiIconButton-sizeMedium css-j8rmhe-MuiButtonBase-root-MuiIconButton-root"
            data-mui-internal-clone-element="true"
            id="help-menu-button"
            tabindex="0"
            type="button"
          >
            <svg
              aria-hidden="true"
              class="MuiSvgIcon-root MuiSvgIcon-fontSizeMedium css-i4bv87-MuiSvgIcon-root"
              data-testid="HelpIcon"
              focusable="false"
              viewBox="0 0 24 24"
            >
              <path
                d="M12 2C6.48 2 2 6.48 2 12s4.48 10 10 10 10-4.48 10-10S17.52 2 12 2zm1 17h-2v-2h2v2zm2.07-7.75-.9.92C13.45 12.9 13 13.5 13 15h-2v-.5c0-1.1.45-2.1 1.17-2.83l1.24-1.26c.37-.36.59-.86.59-1.41 0-1.1-.9-2-2-2s-2 .9-2 2H8c0-2.21 1.79-4 4-4s4 1.79 4 4c0 .88-.36 1.68-.93 2.25z"
              />
            </svg>
          </button>
        </div>
      </div>
    </header>
    <div
      class="MuiGrid-root MuiGrid-item MuiGrid-grid-xs-3 css-1dz4rvg-MuiGrid-root"
    >
      <div
        class="MuiPaper-root MuiPaper-elevation MuiPaper-rounded MuiPaper-elevation24 MuiCard-root css-brevj6-MuiPaper-root-MuiCard-root"
      >
        <div
          class="MuiCardContent-root css-46bh2p-MuiCardContent-root"
        >
          <h2
            class="MuiTypography-root MuiTypography-h6 MuiTypography-gutterBottom css-1nsgtsg-MuiTypography-root"
          >
            Control Plane
          </h2>
        </div>
        <div
          class="MuiCardContent-root css-46bh2p-MuiCardContent-root"
        >
          Please use one of the providers below to continue.
        </div>
        <div
          class="MuiCardContent-root css-46bh2p-MuiCardContent-root"
        >
          <div
            class="sbui-auth"
          >
            <div
              class="sbui-space-col sbui-space-y-8"
            >
              <div
                class="sbui-space-col sbui-space-y-8"
              >
                <div
                  class="sbui-space-col sbui-space-y-4"
                >
                  <span
                    class="sbui-typography-text sbui-auth-label sbui-typography-text-secondary"
                  >
                    Sign in with
                  </span>
                  <div
                    class="sbui-space-col sbui-space-y-2"
                  >
                    <div>
                      <span
                        class="sbui-btn-container sbui-btn--w-full"
                      >
                        <button
                          class="sbui-btn sbui-btn-default sbui-btn--w-full sbui-btn-container--shadow sbui-btn--medium flex items-center sbui-btn--text-align-center"
                          style="background-color: rgb(206, 68, 48); color: white;"
                        >
                          <svg
                            aria-hidden="true"
                            data-icon="google"
                            data-prefix="fab"
                            focusable="false"
                            role="img"
                            viewBox="0 0 488 512"
                            width="21"
                            xmlns="http://www.w3.org/2000/svg"
                          >
                            <path
                              d="M488 261.8C488 403.3 391.1 504 248 504 110.8 504 0 393.2 0 256S110.8 8 248 8c66.8 0 123 24.5 166.3 64.9l-67.5 64.9C258.5 52.6 94.3 116.6 94.3 256c0 86.5 69.1 156.6 153.7 156.6 98.2 0 135-70.4 140.8-106.9H248v-85.3h236.1c2.3 12.7 3.9 24.9 3.9 41.4z"
                              fill="currentColor"
                            />
                          </svg>
                          <span>
                            Sign up with google
                          </span>
                        </button>
                      </span>
                    </div>
                  </div>
                </div>
              </div>
            </div>
          </div>
        </div>
      </div>
    </div>
  </div>
</div>
`;
